// Jest Snapshot v1, https://goo.gl/fbAQLP

exports[`Test Game Page should render Game without error 1`] = `
<div
  className="sc-bZQynM biHpAG"
>
  <div
    className="sc-gzVnrw fAPwhn"
  >
    A Winner needs to have unique biggest value, duplicated biggest value makes no winner. 
  </div>
  <div
    className="sc-htoDjs cdkdqL"
  >
    <div
      className="sc-EHOje dyPYBQ"
    >
      <div
        className="MuiCircularProgress-root MuiCircularProgress-colorSecondary MuiCircularProgress-indeterminate"
        role="progressbar"
        style={
          Object {
            "height": 40,
            "width": 40,
          }
        }
      >
        <svg
          className="MuiCircularProgress-svg"
          viewBox="22 22 44 44"
        >
          <circle
            className="MuiCircularProgress-circle MuiCircularProgress-circleIndeterminate"
            cx={44}
            cy={44}
            fill="none"
            r={20.2}
            strokeWidth={3.6}
            style={Object {}}
          />
        </svg>
      </div>
    </div>
  </div>
</div>
`;

exports[`should render Game without error 1`] = `
<div
  className="sc-bZQynM biHpAG"
>
  <div
    className="sc-gzVnrw fAPwhn"
  >
    A Winner needs to have unique biggest value, duplicated biggest value makes no winner. 
  </div>
  <div
    className="sc-htoDjs cdkdqL"
  >
    <div
      className="sc-EHOje dyPYBQ"
    >
      <div
        className="MuiCircularProgress-root MuiCircularProgress-colorSecondary MuiCircularProgress-indeterminate"
        role="progressbar"
        style={
          Object {
            "height": 40,
            "width": 40,
          }
        }
      >
        <svg
          className="MuiCircularProgress-svg"
          viewBox="22 22 44 44"
        >
          <circle
            className="MuiCircularProgress-circle MuiCircularProgress-circleIndeterminate"
            cx={44}
            cy={44}
            fill="none"
            r={20.2}
            strokeWidth={3.6}
            style={Object {}}
          />
        </svg>
      </div>
    </div>
  </div>
</div>
`;
